Subject: Math
Average Grade: 86.0
Top Student(s): Carol (91)

Subject: English
Average Grade: 88.66666666666667
Top Student(s): Alice (92)

